label: gpt
label-id: 692A4EC0-BB93-4D21-9872-62107EE0BF73
device: /dev/mmcblk0
unit: sectors
first-lba: 40
last-lba: 119537630
sector-size: 512

/dev/mmcblk0p2 : start=          40, size=      262144, type=EBD0A0A2-B9E5-4433-87C0-68B6B72699C7, uuid=754CB123-496A-4584-9CE9-813A780CD94F, name="A_kernel"
/dev/mmcblk0p3 : start=      262184, size=        1536, type=EBD0A0A2-B9E5-4433-87C0-68B6B72699C7, uuid=4868C819-3F32-4E25-934B-0713421C2120, name="A_kernel-dtb"
/dev/mmcblk0p4 : start=      263720, size=       64768, type=EBD0A0A2-B9E5-4433-87C0-68B6B72699C7, uuid=4E825FA8-36C4-4457-92FA-FD0FADC70E37, name="A_reserved_on_user"
/dev/mmcblk0p5 : start=      328488, size=      262144, type=EBD0A0A2-B9E5-4433-87C0-68B6B72699C7, uuid=5DE8B479-33CB-46ED-95F2-E02D4672370F, name="B_kernel"
/dev/mmcblk0p6 : start=      590632, size=        1536, type=EBD0A0A2-B9E5-4433-87C0-68B6B72699C7, uuid=5E6AD280-A55E-4C70-9865-5D1D7C9A2E1B, name="B_kernel-dtb"
/dev/mmcblk0p7 : start=      592168, size=       64768, type=EBD0A0A2-B9E5-4433-87C0-68B6B72699C7, uuid=48C8A36D-475E-4BA9-9022-3C469022CE2E, name="B_reserved_on_user"
/dev/mmcblk0p8 : start=      656936, size=      163840, type=EBD0A0A2-B9E5-4433-87C0-68B6B72699C7, uuid=5D0F1032-82C2-468A-8E50-C107E0509906, name="recovery"
/dev/mmcblk0p9 : start=      820776, size=        1024, type=EBD0A0A2-B9E5-4433-87C0-68B6B72699C7, uuid=03E54BF1-7BD4-490A-9D04-E26B14FD3179, name="recovery-dtb"
/dev/mmcblk0p10 : start=      821800, size=      131072, type=C12A7328-F81F-11D2-BA4B-00A0C93EC93B, uuid=7E8EC53F-ED79-4663-8D09-0B49588DF746, name="esp"
/dev/mmcblk0p11 : start=      952872, size=      163840, type=EBD0A0A2-B9E5-4433-87C0-68B6B72699C7, uuid=24892CAB-5520-4C12-9AA9-1867538C0B73, name="recovery_alt"
/dev/mmcblk0p12 : start=     1116712, size=        1024, type=EBD0A0A2-B9E5-4433-87C0-68B6B72699C7, uuid=60698BE5-A3ED-4716-8154-1A2A5E40523E, name="recovery-dtb_alt"
/dev/mmcblk0p13 : start=     1117736, size=      131072, type=EBD0A0A2-B9E5-4433-87C0-68B6B72699C7, uuid=7E03D7B8-4656-47FB-A4B2-894D38AA6E5C, name="esp_alt"
/dev/mmcblk0p14 : start=     1248832, size=           0, type=EBD0A0A2-B9E5-4433-87C0-68B6B72699C7, uuid=746BEBB4-187C-4AE7-B444-9D77218F343D, name="UDA"
/dev/mmcblk0p15 : start=     1248832, size=      982016, type=EBD0A0A2-B9E5-4433-87C0-68B6B72699C7, uuid=76905FDB-66C4-4DD9-B1B1-026C0D709F53, name="reserved"
